
> newport@0.0.0 build
> vite build

[36mvite v7.3.1 [32mbuilding client environment for production...[36m[39m
transforming...
[32mΓ£ô[39m 11 modules transformed.
node.exe : 
[31mΓ£ù[39m Build 
failed in 901ms
At line:1 char:1
+ & "C:\Program 
Files\nodejs/node.exe" 
"C:\Users\DELL\AppData\
Roaming\n ...
+ ~~~~~~~~~~~~~~~~~~~~~
~~~~~~~~~~~~~~~~~~~~~~~
~~~~~~~~~~~~~~~~~~~~~~~
~~
    + CategoryInfo     
         : NotSpecifi  
  ed: ([31mΓ£ù[39m   
  Build failed in 9    
01ms:String) [], R    
emoteException
    + FullyQualifiedEr 
   rorId : NativeComm  
  andError
 
[31merror during 
build:
[31m[vite]: Rollup 
failed to resolve 
import "lucide-react" 
from "C:/Users/DELL/One
Drive/Desktop/newport/n
ewport/src/TerminalPort
folio.jsx".
This is most likely 
unintended because it 
can break your 
application at runtime.
If you do want to 
externalize this 
module explicitly add 
it to
`build.rollupOptions.ex
ternal`[31m
    at viteLog (file://
/C:/Users/DELL/OneDrive
/Desktop/newport/newpor
t/node_modules/vite/dis
t/node/chunks/config.js
:33635:57)
    at onRollupLog (fil
e:///C:/Users/DELL/OneD
rive/Desktop/newport/ne
wport/node_modules/vite
/dist/node/chunks/confi
g.js:33665:7)
    at onLog (file:///C
:/Users/DELL/OneDrive/D
esktop/newport/newport/
node_modules/vite/dist/
node/chunks/config.js:3
3467:4)
    at file:///C:/Users
/DELL/OneDrive/Desktop/
newport/newport/node_mo
dules/rollup/dist/es/sh
ared/node-entry.js:2098
1:32
    at Object.logger 
[as onLog] (file:///C:/
Users/DELL/OneDrive/Des
ktop/newport/newport/no
de_modules/rollup/dist/
es/shared/node-entry.js
:22968:9)
    at ModuleLoader.han
dleInvalidResolvedId (f
ile:///C:/Users/DELL/On
eDrive/Desktop/newport/
newport/node_modules/ro
llup/dist/es/shared/nod
e-entry.js:21712:26)
    at file:///C:/Users
/DELL/OneDrive/Desktop/
newport/newport/node_mo
dules/rollup/dist/es/sh
ared/node-entry.js:2167
0:26[39m
